Index
Inherited
Overridden
racecar
Hello from testMe!
!racecaR
Hi!
